// Jest Snapshot v1, https://goo.gl/fbAQLP

exports[`Gitt at HelpBubble skal vises Når den skal vises vanlig Så vises HelpBubble som vanlig 1`] = `
<div>
  <div
    class="helpbubble helpbubble--above"
    data-analyticsid="help-bubble"
    data-testid="test01"
    style="left: 0px; width: 0px; transform: translateY(0px);"
  >
    <div
      class="helpbubble__child-wrapper"
    >
      Test tekst
    </div>
    <div
      class="helpbubble__close-wrapper"
    >
      <button
        aria-label="Lukk"
        class="close close--small"
        data-analyticsid="close"
        type="button"
      >
        <svg
          aria-hidden="true"
          class="hnds-style-icon "
          data-analyticsid="icon"
          fill="#126F87"
          height="38"
          role="img"
          style="min-width: 38px; min-height: 38px;"
          viewBox="0 0 48 48"
          width="38"
        >
          <path
            d="M25.773 24l10.432-10.432-1.772-1.773-10.432 10.433-10.433-10.433-1.773 1.772L22.229 24 11.795 34.433l1.773 1.772 10.433-10.433 10.432 10.433 1.772-1.773z"
          />
        </svg>
      </button>
    </div>
  </div>
  <div
    class="helpbubble-arrow helpbubble-arrow--under"
    style="transform: translate(0px, 0px);"
  />
</div>
`;
