// Vitest Snapshot v1, https://vitest.dev/guide/snapshot.html

exports[`Gitt at HelpBubble skal vises > Når den skal vises vanlig > Så vises HelpBubble som vanlig 1`] = `
<div>
  <span
    data-floating-ui-inert=""
  >
    Test
  </span>
  <div
    class="popover"
    data-analyticsid="pop-over"
    data-floating-ui-focusable=""
    data-testid="test01"
    role="dialog"
    style="position: absolute; left: 0px; top: 0px; visibility: visible; z-index: 11000; transform: translate(0px, 0px);"
    tabindex="-1"
  >
    <div
      class="helpbubble"
      data-analyticsid="help-bubble"
    >
      <div
        class="helpbubble__close"
      >
        <button
          aria-label="Lukk"
          class="close close--small"
          data-analyticsid="close"
          type="button"
        >
          <span
            class="close__inner-container close--small"
          >
            <svg
              aria-hidden="true"
              class="hnds-style-icon"
              color="var(--color-action-graphics-onlight)"
              data-analyticsid="icon"
              fill="var(--color-action-graphics-onlight)"
              focusable="false"
              height="38"
              role="presentation"
              style="min-width: 38px; min-height: 38px;"
              viewBox="0 0 48 48"
              width="38"
            >
              <path
                d="M25.773 24l10.432-10.432-1.772-1.773-10.432 10.433-10.433-10.433-1.773 1.772L22.229 24 11.795 34.433l1.773 1.772 10.433-10.433 10.432 10.433 1.772-1.773z"
              />
            </svg>
          </span>
        </button>
      </div>
      <div
        class="helpbubble__content"
      >
        Test tekst
      </div>
    </div>
    <svg
      aria-hidden="true"
      fill="var(--core-color-white)"
      height="14"
      style="position: absolute; pointer-events: none; bottom: 100%; transform: rotate(180deg);"
      viewBox="0 0 14 14"
      width="16"
    >
      <path
        clip-path="url(#:r1:)"
        d="M0,0 H14 L7,7 Q7,7 7,7 Z"
        fill="none"
        stroke="var(--color-base-border-onlight)"
        stroke-width="3"
      />
      <path
        d="M0,0 H14 L7,7 Q7,7 7,7 Z"
        stroke="var(--core-color-white)"
      />
      <clippath
        id=":r1:"
      >
        <rect
          height="14"
          width="16"
          x="-1"
          y="1"
        />
      </clippath>
    </svg>
  </div>
</div>
`;
