// Jest Snapshot v1, https://goo.gl/fbAQLP

exports[`Gitt at Checkbox skal vises Når Checkbox rendres Så vises Checkbox 1`] = `
<div>
  <div
    class="checkbox-wrapper"
    data-analyticsid="checkbox"
  >
    <label
      class="checkbox-label"
      for="test01"
    >
      <input
        aria-invalid="false"
        class="checkbox"
        id="test01"
        name="test01"
        type="checkbox"
        value="Check me out!"
      />
      <span
        class="checkbox__icon-wrapper"
      />
      Check me out!
    </label>
  </div>
</div>
`;
