// Vitest Snapshot v1, https://vitest.dev/guide/snapshot.html

exports[`Gitt at StatusDot rendres  > Når StatusDot er variant="noaccess". > Så skal komponenten ha en SVG-fil. 1`] = `
<div>
  <span
    class="statusdot"
    data-analyticsid="status-dot"
    data-testid="statusdot"
  >
    <span
      class="statusdot__dot"
    >
      <svg
        aria-hidden="true"
        class="hnds-style-icon"
        color="#B62E1C"
        data-analyticsid="icon"
        fill="#B62E1C"
        focusable="false"
        height="24"
        role="presentation"
        style="min-width: 24px; min-height: 24px;"
        viewBox="0 0 48 48"
        width="24"
      >
        <path
          d="M13.4 26.1h21.2v-4.2H13.4v4.2ZM24 9C15.728 9 9 15.728 9 24s6.728 15 15 15c8.27 0 15-6.728 15-15S32.27 9 24 9Z"
          fill-rule="evenodd"
        />
      </svg>
    </span>
    <span
      class=""
    >
      Eksempeltekst
    </span>
  </span>
</div>
`;
