// Jest Snapshot v1, https://goo.gl/fbAQLP

exports[`Gitt at HorizontalScroll skal rendres Når HorizontalScroll skal vises vanlig Så rendres HorizontalScroll riktig 1`] = `
<div>
  <div
    class="horizontalscroll"
  >
    <div
      class="horizontalscroll__viewport"
      tabindex="0"
    >
      <div
        class="horizontalscroll__indicator horizontalscroll__indicator--left"
      />
      <div
        class="horizontalscroll__indicator horizontalscroll__indicator--right"
      />
      <div />
      Teksten sin
      <div />
    </div>
  </div>
</div>
`;
