// Jest Snapshot v1, https://goo.gl/fbAQLP

exports[`Gitt at Slider skal vises Når slider rendres Så vises slider riktig 1`] = `
<div>
  <div
    class="slider"
  >
    <h3
      class="sc-AxjAm jzYRRO"
    >
      This is a title
    </h3>
    <div
      class="slider__track-wrapper"
      data-testid="tracker"
    >
      <div
        class="slider__track"
      />
      <div
        aria-label="This is a title left right "
        aria-valuemax="100"
        aria-valuemin="0"
        aria-valuenow="50"
        class="slider__trigger"
        role="slider"
        style="left: 0px;"
        tabindex="0"
      >
        <div
          class="slider__trigger-inner"
        />
      </div>
    </div>
    <span
      class="slider__options"
    >
      <p
        aria-hidden="true"
        class="slider__text"
      >
        left
      </p>
      <p
        aria-hidden="true"
        class="slider__text"
      >
        right
      </p>
    </span>
  </div>
</div>
`;
