// Jest Snapshot v1, https://goo.gl/fbAQLP

exports[`Gitt at Slider skal vises Når slider rendres Så vises slider riktig 1`] = `
<div>
  <div
    class="slider"
    data-analyticsid="slider"
  >
    <h3
      class="title title--title3"
      data-analyticsid="title"
      id="slider-test-1"
      style="margin-top: 1.5rem; margin-bottom: 1.5rem;"
    >
      Hvor viktig er det for deg?
    </h3>
    <div
      class="slider__track-wrapper"
    >
      <div
        class="slider__track"
      />
      <div
        aria-disabled="false"
        aria-labelledby="slider-test-1 slider-test-2 slider-test-3"
        aria-valuemax="100"
        aria-valuemin="0"
        aria-valuenow="50"
        class="slider__marker"
        role="slider"
        style="left: 0px;"
        tabindex="0"
      />
    </div>
    <span
      class="slider__options"
    >
      <span
        id="slider-test-2"
      >
        Ikke viktig
      </span>
      <span
        id="slider-test-3"
      >
        Viktig
      </span>
    </span>
  </div>
</div>
`;
