// Jest Snapshot v1, https://goo.gl/fbAQLP

exports[`Gitt at List skal vises Når komponenten har fire elementer Så vises fire liste-elementer 1`] = `
<div>
  <ul
    class="list list--bullet"
    data-analyticsid="list"
  >
    <li
      class="list__item"
    >
      Tjeneste 1
    </li>
    <li
      class="list__item"
    >
      Tjeneste 2
    </li>
    <li
      class="list__item"
    >
      Tjeneste 3
    </li>
    <li
      class="list__item"
    >
      Tjeneste 4
    </li>
  </ul>
</div>
`;
