// Jest Snapshot v1, https://goo.gl/fbAQLP

exports[`default variant renders correctly 1`] = `
<div>
  <button
    class="action-button action-button--primary"
    type="button"
  >
    ActionButton
  </button>
</div>
`;

exports[`renders correctly 1`] = `
<div>
  <button
    class="action-button action-button--primary"
    type="button"
  >
    ActionButton
  </button>
</div>
`;
