// Jest Snapshot v1, https://goo.gl/fbAQLP

exports[`renders default variant correctly 1`] = `
<div>
  <div
    class="spinner spinner--primary"
  >
    <div
      class="spinner__dot spinner__dot--first-dot"
    />
    <div
      class="spinner__dot spinner__dot--second-dot"
    />
    <div
      class="spinner__dot spinner__dot--third-dot"
    />
  </div>
</div>
`;
