// Vitest Snapshot v1, https://vitest.dev/guide/snapshot.html

exports[`Gitt at Tooltip skal vises  > Når komponenten får en tekst > Så rendres den riktig 1`] = `
<div>
  <button
    aria-describedby="test"
    class="word"
    data-analyticsid="tooltip"
  >
    ordet
  </button>
  <div
    class="popover"
    data-analyticsid="pop-over"
    id="test"
    role="tooltip"
    style="z-index: 11000; right: 12px; top: 16px; width: -24px;"
  >
    <div
      class="helpbubble"
      data-analyticsid="help-bubble"
    >
      <div
        class="helpbubble__content"
      >
        beskrivelse av ordet
      </div>
    </div>
  </div>
  <div
    class="popover__arrow popover__arrow--over"
    style="z-index: 11000; right: 24px; top: 0px;"
  />
</div>
`;
