// Vitest Snapshot v1, https://vitest.dev/guide/snapshot.html

exports[`Gitt at en loader skal vises  > Når at en loader rendres  > Så vises loaderen 1`] = `
<div>
  <div
    class=""
  >
    <div
      aria-labelledby="test"
      class="loader loader--small"
      data-analyticsid="loader"
      role="progressbar"
    >
      <div
        class="loader__dot loader__dot--small loader__dot--neutral"
      />
      <div
        class="loader__dot loader__dot--small loader__dot--neutral"
      />
      <div
        class="loader__dot loader__dot--small loader__dot--neutral"
      />
      <div
        class="loader__dot loader__dot--small loader__dot--neutral"
      />
      <span
        class="loader__hidden-text"
        id="test"
      >
        Laster inn
      </span>
    </div>
  </div>
</div>
`;
