// Jest Snapshot v1, https://goo.gl/fbAQLP

exports[`Gitt ExpanderList blir rendret Når det er tre expandere og accordion er false Sjekk at ExpanderList sitt snapshot matcher 1`] = `
<div>
  <div
    style="width: 40rem;"
  >
    <ul
      class="expander-list"
    >
      <li
        class="expander-list__item expander-list__item--top"
      >
        <button
          class="expander-list-link expander-list-link--blueberry expander-list-link--closed"
          data-testid=""
          id="expander-0"
        >
          <span
            class="expander-list-link__link-content"
          >
            Title 1
          </span>
          <span
            class="expander-list-link__icon"
          >
            <svg
              aria-hidden="true"
              class="sc-AxjAm jPyZsV hnds-style-icon "
              fill="black"
              height="48"
              role="img"
              viewBox="0 0 48 48"
              width="48"
            >
              <path
                d="M32.951 18.788l1.419 1.409-10.371 10.451L13.63 20.197l1.419-1.409L24 27.809z"
              />
            </svg>
          </span>
        </button>
      </li>
      <li
        class="expander-list__item"
      >
        <button
          class="expander-list-link expander-list-link--blueberry expander-list-link--closed"
          data-testid=""
          id="expander-1"
        >
          <span
            class="expander-list-link__link-content"
          >
            Title 2
          </span>
          <span
            class="expander-list-link__icon"
          >
            <svg
              aria-hidden="true"
              class="sc-AxjAm jPyZsV hnds-style-icon "
              fill="black"
              height="48"
              role="img"
              viewBox="0 0 48 48"
              width="48"
            >
              <path
                d="M32.951 18.788l1.419 1.409-10.371 10.451L13.63 20.197l1.419-1.409L24 27.809z"
              />
            </svg>
          </span>
        </button>
      </li>
      <li
        class="expander-list__item"
      >
        <button
          class="expander-list-link expander-list-link--blueberry expander-list-link--closed"
          data-testid=""
          id="expander-2"
        >
          <span
            class="expander-list-link__link-content"
          >
            Title 3
          </span>
          <span
            class="expander-list-link__icon"
          >
            <svg
              aria-hidden="true"
              class="sc-AxjAm jPyZsV hnds-style-icon "
              fill="black"
              height="48"
              role="img"
              viewBox="0 0 48 48"
              width="48"
            >
              <path
                d="M32.951 18.788l1.419 1.409-10.371 10.451L13.63 20.197l1.419-1.409L24 27.809z"
              />
            </svg>
          </span>
        </button>
      </li>
    </ul>
  </div>
</div>
`;
